{
  "$schema": "http://cyclonedx.org/schema/bom-1.6.schema.json",
  "bomFormat": "CycloneDX",
  "specVersion": "1.6",
  "serialNumber": "urn:uuid:c0c84aa5-b8a8-5c24-8bd6-b7e3e13dcd30",
  "version": 1,
  "metadata": {
    "timestamp": "2026-01-02T03:04:05Z",
    "tools": {
      "components": [
        {
          "type": "application",
          "publisher": "SafeDep",
          "name": "vet",
          "version": "test"
        }
      ]
    },
    "component": {
      "bom-ref": "target",
      "type": "application",
      "name": "."
    }
  },
  "components": [
    {
      "bom-ref": "pkg:npm/evil-colors@1.4.1",
      "type": "library",
      "name": "evil-colors",
      "version": "1.4.1",
      "scope": "required",
      "purl": "pkg:npm/evil-colors@1.4.1",
      "properties": [
        {
          "name": "safedep:direct",
          "value": "true"
        },
        {
          "name": "safedep:malware",
          "value": "true"
        }
      ]
    },
    {
      "bom-ref": "pkg:npm/left-pad@1.3.0",
      "type": "library",
      "name": "left-pad",
      "version": "1.3.0",
      "scope": "required",
      "licenses": [
        {
          "license": {
            "id": "WTFPL"
          }
        }
      ],
      "purl": "pkg:npm/left-pad@1.3.0",
      "properties": [
        {
          "name": "safedep:direct",
          "value": "false"
        }
      ]
    }
  ],
  "vulnerabilities": [
    {
      "bom-ref": "GHSA-stub-0001/pkg:npm/left-pad@1.3.0",
      "id": "GHSA-stub-0001",
      "source": {
        "name": "OSV",
        "url": "https://osv.dev/vulnerability/GHSA-stub-0001"
      },
      "references": [
        {
          "id": "CVE-2026-0001"
        }
      ],
      "ratings": [
        {
          "score": 7.5,
          "severity": "high",
          "method": "other"
        }
      ],
      "description": "Prototype pollution",
      "affects": [
        {
          "ref": "pkg:npm/left-pad@1.3.0"
        }
      ]
    }
  ]
}
