{"$schema":"https://schemas.safedep.io/vet/report/v1/report-line.schema.json","kind":"header","header":{"schema_version":"1.0.0","tool":{"name":"vet","version":"test"},"scan":{"id":"test0000scan","kind":"scan","mode":"full","target":".","target_key":"/test","started_at":"2026-01-02T03:04:05Z"}}}
{"$schema":"https://schemas.safedep.io/vet/report/v1/report-line.schema.json","kind":"manifest","manifest":{"id":"m-1","path":"package-lock.json","ecosystem":"npm","kind":"lockfile"}}
{"$schema":"https://schemas.safedep.io/vet/report/v1/report-line.schema.json","kind":"package","package":{"purl":"pkg:npm/evil-colors@1.4.1","manifest_ids":["m-1"],"id":{"ecosystem":"npm","name":"evil-colors","version":"1.4.1"},"direct":true,"line":42}}
{"$schema":"https://schemas.safedep.io/vet/report/v1/report-line.schema.json","kind":"package","package":{"purl":"pkg:npm/left-pad@1.3.0","manifest_ids":["m-1"],"id":{"ecosystem":"npm","name":"left-pad","version":"1.3.0"},"direct":false}}
{"$schema":"https://schemas.safedep.io/vet/report/v1/report-line.schema.json","kind":"inventory","inventory":{"kind":"mcp-server","name":"filesystem","client":"claude-code"}}
{"$schema":"https://schemas.safedep.io/vet/report/v1/report-line.schema.json","kind":"capability","capability":{"id":"crypto.md5","description":"MD5 message digest","product":"MD5","service":"MD5","tags":["cryptography","hash","weak"],"occurrences":[{"file":"src/cache.py","line":3,"column":9,"language":"python","callee":"hashlib//md5"}]}}
{"$schema":"https://schemas.safedep.io/vet/report/v1/report-line.schema.json","kind":"capability","capability":{"id":"openai.client","description":"Creates a client of the OpenAI API.","vendor":"OpenAI","product":"OpenAI SDK","service":"Chat Completions","tags":["ai","llm"],"occurrences":[{"file":"src/chat.py","line":12,"column":5,"language":"python","callee":"openai//OpenAI"}]}}
{"$schema":"https://schemas.safedep.io/vet/report/v1/report-line.schema.json","kind":"finding","finding":{"id":"f-478cf580259c82ac","control_id":"malware","family":"malware","severity":"critical","confidence":"high","subject":{"kind":"package","package":{"purl":"pkg:npm/evil-colors@1.4.1","ecosystem":"npm","name":"evil-colors","version":"1.4.1","direct":true,"manifest_path":"package-lock.json"}},"locus":{"path":"package-lock.json","start_line":42,"end_line":42},"title":"Malicious package","description":"The package runs a postinstall script that reads ~/.npmrc.","evidence":[{"source":"threat-intel","summary":"Verified malicious"}],"remediation":{"summary":"Remove evil-colors.","fixed_version":"1.3.9"}}}
{"$schema":"https://schemas.safedep.io/vet/report/v1/report-line.schema.json","kind":"finding","finding":{"id":"f-717913dc7dd3396c","control_id":"dependency-cooldown","family":"cooldown","severity":"high","confidence":"high","subject":{"kind":"package","package":{"purl":"pkg:npm/left-pad@1.3.0","ecosystem":"npm","name":"left-pad","version":"1.3.0","direct":false,"manifest_path":"package-lock.json"}},"title":"Package version is inside the cooldown window","description":"","suppression":{"reason":"Reviewed","rule":"s-1"}}}
{"$schema":"https://schemas.safedep.io/vet/report/v1/report-line.schema.json","kind":"finding","finding":{"id":"f-e815bb3b5e0846f1","control_id":"unpinned-action","family":"workflow","severity":"medium","confidence":"high","subject":{"kind":"file","file":{"path":".github/workflows/ci.yml","element":"tj-actions/changed-files@v44"}},"locus":{"path":".github/workflows/ci.yml","start_line":8,"snippet":"uses: tj-actions/changed-files@v44"},"title":"tj-actions/changed-files@v44 is not pinned to a commit SHA","description":""}}
{"$schema":"https://schemas.safedep.io/vet/report/v1/report-line.schema.json","kind":"diagnostic","diagnostic":{"level":"warning","code":"enrichment_unavailable","component":"insights","message":"2 packages have no data","count":2}}
{"$schema":"https://schemas.safedep.io/vet/report/v1/report-line.schema.json","kind":"trailer","trailer":{"summary":{"manifests":1,"packages":2,"inventory":1,"capabilities":2,"findings":2,"suppressed":1,"diagnostics":1,"by_severity":{"critical":1,"medium":1},"by_family":{"malware":1,"workflow":1}},"gate":{"outcome":"NONE"},"record_count":10,"finished_at":"2026-01-02T03:05:00Z"}}
