<!-- vet:pr-comment v1 -->
### ✅ vet: no findings in this scan

**No gate** · Checked 2 packages.

<sub>[vet](https://github.com/safedep/vet) test · open source, by SafeDep · [Wrong result?](https://github.com/safedep/vet/issues/new?template=false-positive.yml&version=test) · [Add vet to your repo](https://github.com/safedep/vet/blob/v2/docs/github-action.md)</sub>

<!-- vet:state eyJ2IjoxLCJoZWFkIjoiIiwiaWRzIjpudWxsfQ== -->
