› [1/4] Read the manifests: 3 files in 1.5s
› [2/4] Checked 5 packages in 1.5s
› [3/4] Evaluated the controls: 1 manifest in 1.5s
› [4/4] Report
⚠ insights: 2 packages have no data (2 times)
✗ Gate failed: 2 findings at high or above (--fail-on high)
› Fix: upgrade left-pad to 1.3.1
› Full list: vet report show test0000 --all
› One finding: vet report finding show f-1e8ec42c
