╭────────────╮╭────────────╮╭────────────╮╭────────────╮
│  2         ││  0         ││  0         ││  0         │
│  Packages  ││  Findings  ││  Critical  ││  High      │
╰────────────╯╰────────────╯╰────────────╯╰────────────╯

✓ No findings. 2 packages checked.

AI and crypto: 1 AI, 1 crypto

╭────────┬─────────────────────────────┬──────────────┬────────────────┬────────────────╮
│ KIND   │ CAPABILITY                  │ TAGS         │ WHERE          │ CALL           │
├────────┼─────────────────────────────┼──────────────┼────────────────┼────────────────┤
│ AI     │ OpenAI SDK Chat Completions │ llm          │ src/chat.py:12 │ openai//OpenAI │
│ CRYPTO │ MD5                         │ hash, [WEAK] │ src/cache.py:3 │ hashlib//md5   │
╰────────┴─────────────────────────────┴──────────────┴────────────────┴────────────────╯
