╭────────────╮╭────────────╮╭────────────╮╭────────────╮╭────────────╮╭────────────╮
│  2         ││  0         ││  0         ││  0         ││  1         ││  1         │
│  Packages  ││  Findings  ││  Critical  ││  High      ││  AI        ││  Crypto    │
╰────────────╯╰────────────╯╰────────────╯╰────────────╯╰────────────╯╰────────────╯

✓ No findings. 2 packages checked.

AI and crypto

╭────────┬─────────────────────────────┬──────────────┬────────────────╮
│ KIND   │ CAPABILITY                  │ TAGS         │ WHERE          │
├────────┼─────────────────────────────┼──────────────┼────────────────┤
│ AI     │ OpenAI SDK Chat Completions │ llm          │ src/chat.py:12 │
│ CRYPTO │ MD5                         │ hash, [WEAK] │ src/cache.py:3 │
╰────────┴─────────────────────────────┴──────────────┴────────────────╯
