╭────────────╮╭────────────╮╭────────────╮╭────────────╮╭────────────╮
│  2         ││  2         ││  1         ││  0         ││  FAIL      │
│  Changed   ││  Findings  ││  Critical  ││  High      ││  Gate      │
╰────────────╯╰────────────╯╰────────────╯╰────────────╯╰────────────╯

╭────────────┬────────────┬─────────────────────────────────┬──────────────────────────────┬───────────────────────────╮
│ SEVERITY   │ ID         │ GATE                            │ SUBJECT                      │ FINDING                   │
├────────────┼────────────┼─────────────────────────────────┼──────────────────────────────┼───────────────────────────┤
│ [CRITICAL] │ f-f7017b22 │ fail no-malware, --fail-on high │ npm/evil-colors@1.4.1        │ Malicious package         │
│ [MEDIUM]   │ f-e815bb3b │ warn pin-actions                │ tj-actions/changed-files@v44 │ is not pinned to a commit │
│            │            │                                 │                              │ SHA                       │
╰────────────┴────────────┴─────────────────────────────────┴──────────────────────────────┴───────────────────────────╯

› Each finding is on a package or a file that the change adds.
› 1 suppressed finding. vet report show -o json lists it.

Tools: 1 MCP server

╭────────────┬────────────┬─────────┬─────────────┬──────╮
│ KIND       │ NAME       │ VERSION │ CLIENT      │ PATH │
├────────────┼────────────┼─────────┼─────────────┼──────┤
│ MCP server │ filesystem │         │ claude-code │      │
╰────────────┴────────────┴─────────┴─────────────┴──────╯

AI and crypto: 1 AI, 1 crypto

╭────────┬────────┬─────────────────────────────┬──────────────┬────────────────┬────────────────╮
│ KIND   │ CHANGE │ CAPABILITY                  │ TAGS         │ WHERE          │ CALL           │
├────────┼────────┼─────────────────────────────┼──────────────┼────────────────┼────────────────┤
│ AI     │        │ OpenAI SDK Chat Completions │ llm          │ src/chat.py:12 │ openai//OpenAI │
│ CRYPTO │        │ MD5                         │ hash, [WEAK] │ src/cache.py:3 │ hashlib//md5   │
╰────────┴────────┴─────────────────────────────┴──────────────┴────────────────┴────────────────╯
