╭────────────╮╭────────────╮╭────────────╮╭────────────╮╭────────────╮
│  2         ││  2         ││  1         ││  0         ││  FAIL      │
│  Packages  ││  Findings  ││  Critical  ││  High      ││  Gate      │
╰────────────╯╰────────────╯╰────────────╯╰────────────╯╰────────────╯

╭────────────┬─────────────────┬────────┬──────────────────────────┬────────────────────────────╮
│ SEVERITY   │ CONTROL         │ CHANGE │ SUBJECT                  │ WHERE                      │
├────────────┼─────────────────┼────────┼──────────────────────────┼────────────────────────────┤
│ [CRITICAL] │ malware         │ added  │ npm/evil-colors@1.4.1    │ package-lock.json:42       │
│ [MEDIUM]   │ unpinned-action │ added  │ .github/workflows/ci.yml │ .github/workflows/ci.yml:8 │
╰────────────┴─────────────────┴────────┴──────────────────────────┴────────────────────────────╯

› 1 suppressed (vet report show -o json)

AI and crypto: 1 AI, 1 crypto

╭────────┬────────┬─────────────────────────────┬──────────────┬────────────────╮
│ KIND   │ CHANGE │ CAPABILITY                  │ TAGS         │ WHERE          │
├────────┼────────┼─────────────────────────────┼──────────────┼────────────────┤
│ AI     │        │ OpenAI SDK Chat Completions │ llm          │ src/chat.py:12 │
│ CRYPTO │        │ MD5                         │ hash, [WEAK] │ src/cache.py:3 │
╰────────┴────────┴─────────────────────────────┴──────────────┴────────────────╯
