Packages: 2
Findings: 2
Critical: 1
High: 0
Gate: FAIL

┌────────────┬────────────┬─────────────────┬────────┬──────────────────────┬──────────────────┬───────────────────────┐
│ SEVERITY   │ ID         │ CONTROL         │ CHANGE │ SUBJECT              │ FINDING          │ WHERE                 │
├────────────┼────────────┼─────────────────┼────────┼──────────────────────┼──────────────────┼───────────────────────┤
│ [CRITICAL] │ f-478cf580 │ malware         │ added  │ npm/evil-colors@1.4… │ Malicious packa… │ package-lock.json:42  │
│ [MEDIUM]   │ f-e815bb3b │ unpinned-action │ added  │ .github/workflows/c… │ Third-party act… │ .github/workflows/ci… │
└────────────┴────────────┴─────────────────┴────────┴──────────────────────┴──────────────────┴───────────────────────┘

> 1 suppressed finding. vet report show -o json lists it.

AI and crypto: 1 AI, 1 crypto

┌────────┬────────┬─────────────────────────────┬──────────────┬────────────────┬────────────────┐
│ KIND   │ CHANGE │ CAPABILITY                  │ TAGS         │ WHERE          │ CALL           │
├────────┼────────┼─────────────────────────────┼──────────────┼────────────────┼────────────────┤
│ AI     │        │ OpenAI SDK Chat Completions │ llm          │ src/chat.py:12 │ openai//OpenAI │
│ CRYPTO │        │ MD5                         │ hash, [WEAK] │ src/cache.py:3 │ hashlib//md5   │
└────────┴────────┴─────────────────────────────┴──────────────┴────────────────┴────────────────┘
