Packages: 2
Findings: 2
Critical: 1
High: 0
Gate: FAIL

┌────────────┬────────────┬────────┬──────────────────────────────┬───────────────────────────────┐
│ SEVERITY   │ ID         │ CHANGE │ SUBJECT                      │ FINDING                       │
├────────────┼────────────┼────────┼──────────────────────────────┼───────────────────────────────┤
│ [CRITICAL] │ f-478cf580 │ added  │ npm/evil-colors@1.4.1        │ Malicious package             │
│ [MEDIUM]   │ f-e815bb3b │ added  │ tj-actions/changed-files@v44 │ is not pinned to a commit SHA │
└────────────┴────────────┴────────┴──────────────────────────────┴───────────────────────────────┘

> 1 suppressed finding. vet report show -o json lists it.

Tools: 1 MCP server

┌────────────┬────────────┬─────────┬─────────────┬──────┐
│ KIND       │ NAME       │ VERSION │ CLIENT      │ PATH │
├────────────┼────────────┼─────────┼─────────────┼──────┤
│ MCP server │ filesystem │         │ claude-code │      │
└────────────┴────────────┴─────────┴─────────────┴──────┘

AI and crypto: 1 AI, 1 crypto

┌────────┬────────┬─────────────────────────────┬──────────────┬────────────────┬────────────────┐
│ KIND   │ CHANGE │ CAPABILITY                  │ TAGS         │ WHERE          │ CALL           │
├────────┼────────┼─────────────────────────────┼──────────────┼────────────────┼────────────────┤
│ AI     │        │ OpenAI SDK Chat Completions │ llm          │ src/chat.py:12 │ openai//OpenAI │
│ CRYPTO │        │ MD5                         │ hash, [WEAK] │ src/cache.py:3 │ hashlib//md5   │
└────────┴────────┴─────────────────────────────┴──────────────┴────────────────┴────────────────┘
