╭────────────╮╭────────────╮╭────────────╮╭────────────╮
│  2         ││  2         ││  1         ││  0         │
│  Packages  ││  Findings  ││  Critical  ││  High      │
╰────────────╯╰────────────╯╰────────────╯╰────────────╯

╭────────────┬─────────────────┬──────────────────────────┬────────────────────────────╮
│ SEVERITY   │ CONTROL         │ SUBJECT                  │ WHERE                      │
├────────────┼─────────────────┼──────────────────────────┼────────────────────────────┤
│ [CRITICAL] │ malware         │ npm/evil-colors@1.4.1    │ package-lock.json:42       │
│ [MEDIUM]   │ unpinned-action │ .github/workflows/ci.yml │ .github/workflows/ci.yml:8 │
╰────────────┴─────────────────┴──────────────────────────┴────────────────────────────╯

› 1 suppressed (vet report show -o json)
